// Jest Snapshot v1, https://goo.gl/fbAQLP

exports[`<Main /> should render the heading 1`] = `
<main
  class="bg-[#06092b] text-white text-lg h-full font-sans p-12 flex items-center justify-center text-center flex-col"
>
  <img
    alt="Imagem de um átomo e React Avançado escrito ao lado."
    class="w-80 mb-8"
    src="/img/logo.svg"
  />
  <h1>
    React Avançado
  </h1>
  <p>
    TypeScript, ReactJS, NextJS e TailwindCSS
  </p>
  <img
    alt="Um desenvolvedor de frente para uma tela com código."
    class="w-full max-w-[30rem] mt-12"
    src="/img/hero-illustration.svg"
  />
</main>
`;
